2026-09-17 10:19:47.387 INFO  [restartedMain] StudentManagementApplication - Starting StudentManagementApplication using Java 21.0.12.1 with PID 3316 (C:\Users\Tushar\Desktop\SbootPr\Student_Management\target\classes started by Tushar in C:\Users\Tushar\Desktop\SbootPr\Student_Management)
2026-09-17 10:19:47.469 INFO  [restartedMain] StudentManagementApplication - No active profile set, falling back to 1 default profile: "default"
2026-09-17 10:20:30.439 INFO  [restartedMain] StudentManagementApplication - Started StudentManagementApplication in 45.869 seconds (process running for 49.422)
2026-09-17 10:21:12.452 INFO  [http-nio-8080-exec-4] AuthController - Login attempt for username: Tushar
2026-09-17 10:21:14.336 INFO  [http-nio-8080-exec-4] AuthController - Login successful for username: Tushar, role: ADMIN
2026-09-17 10:21:18.231 INFO  [http-nio-8080-exec-8] SubjectController - Request to get all subjects
2026-09-17 10:21:18.373 INFO  [http-nio-8080-exec-8] SubjectService - Fetched 13 subjects
2026-09-17 10:21:23.721 INFO  [http-nio-8080-exec-7] SubjectController - Request to get all subjects
2026-09-17 10:21:23.735 INFO  [http-nio-8080-exec-7] SubjectService - Fetched 13 subjects
2026-09-17 10:21:23.755 INFO  [http-nio-8080-exec-1] StudController - Fetching all students
2026-09-17 10:21:23.828 INFO  [http-nio-8080-exec-1] StudService - Admin fetched 19 students
2026-09-17 10:24:11.546 INFO  [http-nio-8080-exec-2] AuthController - Login attempt for username: student2
2026-09-17 10:24:11.657 WARN  [http-nio-8080-exec-2] AuthController - Invalid password for username: student2
2026-09-17 10:24:11.659 ERROR [http-nio-8080-exec-2] GlobalExceptionHandler - Runtime exception: Invalid password
2026-09-17 10:24:17.844 INFO  [http-nio-8080-exec-3] AuthController - Login attempt for username: student2
2026-09-17 10:24:17.941 INFO  [http-nio-8080-exec-3] AuthController - Login successful for username: student2, role: STUDENT
2026-09-17 10:24:18.006 INFO  [http-nio-8080-exec-7] MessageController - Request to get messages for current student
2026-09-17 10:24:18.007 INFO  [http-nio-8080-exec-5] TaskController - Fetching tasks for current student
2026-09-17 10:24:18.008 INFO  [http-nio-8080-exec-1] StudController - Fetching student profile for user: student2
2026-09-17 10:24:18.009 INFO  [http-nio-8080-exec-5] TaskService - Fetching tasks for student: student2
2026-09-17 10:24:18.010 INFO  [http-nio-8080-exec-9] DocumentController - Fetching documents for current student
2026-09-17 10:24:18.012 INFO  [http-nio-8080-exec-9] DocumentService - Fetching documents for student: student2
2026-09-17 10:24:18.033 INFO  [http-nio-8080-exec-7] MessageService - Fetching messages for student: student2
2026-09-17 10:24:18.062 INFO  [http-nio-8080-exec-9] DocumentService - Student student2 has 1 documents
2026-09-17 10:24:18.062 INFO  [http-nio-8080-exec-5] TaskService - Student student2 has 1 tasks
2026-09-17 10:24:21.266 INFO  [http-nio-8080-exec-4] StudController - Fetching student profile for user: student2
2026-09-17 10:24:22.246 INFO  [http-nio-8080-exec-2] MessageController - Request to get messages for current student
2026-09-17 10:24:22.251 INFO  [http-nio-8080-exec-2] MessageService - Fetching messages for student: student2
2026-09-17 10:24:31.074 INFO  [http-nio-8080-exec-9] SubjectController - Request to get all subjects
2026-09-17 10:24:31.089 INFO  [http-nio-8080-exec-9] SubjectService - Fetched 13 subjects
2026-09-17 10:24:32.562 INFO  [http-nio-8080-exec-6] StudController - Fetching all students
2026-09-17 10:24:32.593 INFO  [http-nio-8080-exec-6] StudService - Admin fetched 19 students
2026-09-17 10:24:42.942 INFO  [http-nio-8080-exec-2] SubjectController - Request to get all subjects
2026-09-17 10:24:42.951 INFO  [http-nio-8080-exec-2] SubjectService - Fetched 13 subjects
2026-09-17 10:24:49.219 INFO  [http-nio-8080-exec-5] StudController - Updating student with ID: 30018
2026-09-17 10:24:49.252 INFO  [http-nio-8080-exec-5] StudService - Student ID: 30018 updated successfully
2026-09-17 10:24:51.092 INFO  [http-nio-8080-exec-9] StudController - Fetching all students
2026-09-17 10:24:51.131 INFO  [http-nio-8080-exec-9] StudService - Admin fetched 19 students
2026-09-17 10:24:54.009 INFO  [http-nio-8080-exec-1] TaskController - Fetching tasks for current student
2026-09-17 10:24:54.010 INFO  [http-nio-8080-exec-3] MessageController - Request to get messages for current student
2026-09-17 10:24:54.009 INFO  [http-nio-8080-exec-2] DocumentController - Fetching documents for current student
2026-09-17 10:24:54.011 INFO  [http-nio-8080-exec-1] TaskService - Fetching tasks for student: student2
2026-09-17 10:24:54.012 INFO  [http-nio-8080-exec-5] StudController - Fetching student profile for user: student2
2026-09-17 10:24:54.013 INFO  [http-nio-8080-exec-2] DocumentService - Fetching documents for student: student2
2026-09-17 10:24:54.022 INFO  [http-nio-8080-exec-3] MessageService - Fetching messages for student: student2
2026-09-17 10:24:54.024 INFO  [http-nio-8080-exec-1] TaskService - Student student2 has 1 tasks
2026-09-17 10:24:54.033 INFO  [http-nio-8080-exec-2] DocumentService - Student student2 has 1 documents
2026-09-17 10:24:57.350 INFO  [http-nio-8080-exec-7] StudController - Fetching student profile for user: student2
2026-09-17 10:25:20.609 INFO  [http-nio-8080-exec-6] AuthController - Login attempt for username: sanket
2026-09-17 10:25:20.713 WARN  [http-nio-8080-exec-6] AuthController - Invalid password for username: sanket
2026-09-17 10:25:20.713 ERROR [http-nio-8080-exec-6] GlobalExceptionHandler - Runtime exception: Invalid password
2026-09-17 10:25:26.600 INFO  [http-nio-8080-exec-4] AuthController - Login attempt for username: sanket
2026-09-17 10:25:26.720 INFO  [http-nio-8080-exec-4] AuthController - Login successful for username: Sanket, role: TEACHER
2026-09-17 10:25:26.758 INFO  [http-nio-8080-exec-7] StudController - Fetching all students
2026-09-17 10:25:26.762 INFO  [http-nio-8080-exec-6] SubjectController - Request to get all subjects
2026-09-17 10:25:26.762 INFO  [http-nio-8080-exec-9] MessageController - Request to get messages sent by current teacher
2026-09-17 10:25:26.763 INFO  [http-nio-8080-exec-9] MessageService - Fetching messages sent by teacher: Sanket
2026-09-17 10:25:26.772 INFO  [http-nio-8080-exec-6] SubjectService - Fetched 13 subjects
2026-09-17 10:25:26.796 INFO  [http-nio-8080-exec-7] StudService - Teacher Sanket fetched 8 students
2026-09-17 10:25:35.377 INFO  [http-nio-8080-exec-3] StudController - Fetching all students
2026-09-17 10:25:35.377 INFO  [http-nio-8080-exec-1] MessageController - Request to get messages sent by current teacher
2026-09-17 10:25:35.378 INFO  [http-nio-8080-exec-1] MessageService - Fetching messages sent by teacher: Sanket
2026-09-17 10:25:35.388 INFO  [http-nio-8080-exec-3] StudService - Teacher Sanket fetched 8 students
2026-09-17 10:27:45.543 INFO  [http-nio-8080-exec-3] MessageController - Request to get messages for current student
2026-09-17 10:27:45.571 INFO  [http-nio-8080-exec-3] MessageService - Fetching messages for student: student2
2026-09-17 10:27:51.258 INFO  [http-nio-8080-exec-2] TaskController - Fetching tasks for current student
2026-09-17 10:27:51.258 INFO  [http-nio-8080-exec-2] TaskService - Fetching tasks for student: student2
2026-09-17 10:27:51.270 INFO  [http-nio-8080-exec-2] TaskService - Student student2 has 1 tasks
2026-09-17 10:27:57.307 INFO  [http-nio-8080-exec-9] StudController - Fetching student profile for user: student2
2026-09-17 10:33:05.342 INFO  [http-nio-8080-exec-10] TaskController - Fetching tasks for current student
2026-09-17 10:33:05.343 INFO  [http-nio-8080-exec-10] TaskService - Fetching tasks for student: student2
2026-09-17 10:33:05.363 INFO  [http-nio-8080-exec-10] TaskService - Student student2 has 1 tasks
2026-09-17 10:33:10.577 INFO  [http-nio-8080-exec-5] StudController - Fetching student profile for user: student2
2026-09-17 10:33:10.583 INFO  [http-nio-8080-exec-6] TaskController - Fetching tasks for current student
2026-09-17 10:33:10.582 INFO  [http-nio-8080-exec-9] DocumentController - Fetching documents for current student
2026-09-17 10:33:10.588 INFO  [http-nio-8080-exec-6] TaskService - Fetching tasks for student: student2
2026-09-17 10:33:10.588 INFO  [http-nio-8080-exec-8] MessageController - Request to get messages for current student
2026-09-17 10:33:10.590 INFO  [http-nio-8080-exec-9] DocumentService - Fetching documents for student: student2
2026-09-17 10:33:10.611 INFO  [http-nio-8080-exec-8] MessageService - Fetching messages for student: student2
2026-09-17 10:33:10.613 INFO  [http-nio-8080-exec-6] TaskService - Student student2 has 1 tasks
2026-09-17 10:33:10.619 INFO  [http-nio-8080-exec-9] DocumentService - Student student2 has 1 documents
2026-09-17 10:33:12.592 INFO  [http-nio-8080-exec-7] DocumentController - Fetching documents for current student
2026-09-17 10:33:12.593 INFO  [http-nio-8080-exec-7] DocumentService - Fetching documents for student: student2
2026-09-17 10:33:12.601 INFO  [http-nio-8080-exec-7] DocumentService - Student student2 has 1 documents
2026-09-17 10:33:14.016 INFO  [http-nio-8080-exec-10] MessageController - Request to get messages for current student
2026-09-17 10:33:14.018 INFO  [http-nio-8080-exec-10] MessageService - Fetching messages for student: student2
2026-09-17 10:33:16.136 INFO  [http-nio-8080-exec-3] TaskController - Fetching tasks for current student
2026-09-17 10:33:16.138 INFO  [http-nio-8080-exec-3] TaskService - Fetching tasks for student: student2
2026-09-17 10:33:16.148 INFO  [http-nio-8080-exec-3] TaskService - Student student2 has 1 tasks
2026-09-17 10:33:18.162 INFO  [http-nio-8080-exec-1] DocumentController - Fetching documents for current student
2026-09-17 10:33:18.163 INFO  [http-nio-8080-exec-1] DocumentService - Fetching documents for student: student2
2026-09-17 10:33:18.172 INFO  [http-nio-8080-exec-1] DocumentService - Student student2 has 1 documents
2026-09-17 10:34:21.090 INFO  [http-nio-8080-exec-1] MessageController - Request to get messages sent by current teacher
2026-09-17 10:34:21.109 INFO  [http-nio-8080-exec-6] SubjectController - Request to get all subjects
2026-09-17 10:34:21.095 INFO  [http-nio-8080-exec-5] StudController - Fetching all students
2026-09-17 10:34:21.116 INFO  [http-nio-8080-exec-1] MessageService - Fetching messages sent by teacher: Sanket
2026-09-17 10:34:21.177 INFO  [http-nio-8080-exec-6] SubjectService - Fetched 13 subjects
2026-09-17 10:34:21.190 INFO  [http-nio-8080-exec-5] StudService - Teacher Sanket fetched 8 students
2026-09-17 10:34:24.465 INFO  [http-nio-8080-exec-9] MessageController - Request to get messages sent by current teacher
2026-09-17 10:34:24.465 INFO  [http-nio-8080-exec-8] StudController - Fetching all students
2026-09-17 10:34:24.466 INFO  [http-nio-8080-exec-9] MessageService - Fetching messages sent by teacher: Sanket
2026-09-17 10:34:24.473 INFO  [http-nio-8080-exec-8] StudService - Teacher Sanket fetched 8 students
2026-09-17 10:40:33.046 INFO  [main] StudentManagementApplicationTests - Starting StudentManagementApplicationTests using Java 21.0.12.1 with PID 17648 (started by Tushar in C:\Users\Tushar\Desktop\SbootPr\Student_Management)
2026-09-17 10:40:33.068 INFO  [main] StudentManagementApplicationTests - No active profile set, falling back to 1 default profile: "default"
2026-09-17 10:40:54.178 INFO  [main] StudentManagementApplicationTests - Started StudentManagementApplicationTests in 22.753 seconds (process running for 29.907)
2026-09-17 11:02:19.387 INFO  [main] StudentManagementApplicationTests - Starting StudentManagementApplicationTests using Java 21.0.12.1 with PID 7220 (started by Tushar in C:\Users\Tushar\Desktop\SbootPr\Student_Management)
2026-09-17 11:02:19.401 INFO  [main] StudentManagementApplicationTests - No active profile set, falling back to 1 default profile: "default"
2026-09-17 11:02:42.143 INFO  [main] StudentManagementApplicationTests - Started StudentManagementApplicationTests in 24.3 seconds (process running for 30.453)
2026-09-17 11:10:02.315 INFO  [main] StudentManagementApplicationTests - Starting StudentManagementApplicationTests using Java 21.0.12.1 with PID 17120 (started by Tushar in C:\Users\Tushar\Desktop\SbootPr\Student_Management)
2026-09-17 11:10:02.338 INFO  [main] StudentManagementApplicationTests - No active profile set, falling back to 1 default profile: "default"
2026-09-17 11:10:21.476 INFO  [main] StudentManagementApplicationTests - Started StudentManagementApplicationTests in 20.263 seconds (process running for 26.328)
2026-09-17 11:17:37.642 INFO  [main] StudentManagementApplicationTests - Starting StudentManagementApplicationTests using Java 21.0.12.1 with PID 17120 (started by Tushar in C:\Users\Tushar\Desktop\SbootPr\Student_Management)
2026-09-17 11:17:37.652 INFO  [main] StudentManagementApplicationTests - No active profile set, falling back to 1 default profile: "default"
2026-09-17 11:17:58.243 INFO  [main] StudentManagementApplicationTests - Started StudentManagementApplicationTests in 21.725 seconds (process running for 26.902)
2026-09-17 12:46:56.416 INFO  [main] StudentManagementApplicationTests - Starting StudentManagementApplicationTests using Java 21.0.12.1 with PID 22856 (started by Tushar in C:\Users\Tushar\Desktop\SbootPr\Student_Management)
2026-09-17 12:46:56.436 INFO  [main] StudentManagementApplicationTests - No active profile set, falling back to 1 default profile: "default"
2026-09-17 12:47:18.723 INFO  [main] StudentManagementApplicationTests - Started StudentManagementApplicationTests in 24.138 seconds (process running for 30.585)
2026-09-17 13:30:16.463 INFO  [main] StudentManagementApplicationTests - Starting StudentManagementApplicationTests using Java 21.0.12.1 with PID 19012 (started by Tushar in C:\Users\Tushar\Desktop\SbootPr\Student_Management)
2026-09-17 13:30:16.483 INFO  [main] StudentManagementApplicationTests - No active profile set, falling back to 1 default profile: "default"
2026-09-17 13:30:38.776 INFO  [main] StudentManagementApplicationTests - Started StudentManagementApplicationTests in 23.896 seconds (process running for 31.978)
2026-09-17 14:53:32.212 INFO  [restartedMain] StudentManagementApplication - Starting StudentManagementApplication using Java 21.0.12.1 with PID 15820 (C:\Users\Tushar\Desktop\SbootPr\Student_Management\target\classes started by Tushar in C:\Users\Tushar\Desktop\SbootPr\Student_Management)
2026-09-17 14:53:32.224 INFO  [restartedMain] StudentManagementApplication - No active profile set, falling back to 1 default profile: "default"
2026-09-17 14:53:43.453 INFO  [restartedMain] StudentManagementApplication - Started StudentManagementApplication in 12.212 seconds (process running for 13.334)
2026-09-17 14:54:32.145 INFO  [http-nio-8080-exec-8] AuthController - Login attempt for username: sanket
2026-09-17 14:54:32.843 INFO  [http-nio-8080-exec-8] AuthController - Login successful for username: Sanket, role: TEACHER
2026-09-17 14:54:32.942 INFO  [http-nio-8080-exec-7] TaskController - Fetching tasks assigned by current teacher
2026-09-17 14:54:32.942 INFO  [http-nio-8080-exec-5] MessageController - Request to get messages sent by current teacher
2026-09-17 14:54:32.942 INFO  [http-nio-8080-exec-6] StudController - Fetching all students
2026-09-17 14:54:32.942 INFO  [http-nio-8080-exec-8] SubjectController - Request to get all subjects
2026-09-17 14:54:32.961 INFO  [http-nio-8080-exec-5] MessageService - Fetching messages sent by teacher: Sanket
2026-09-17 14:54:32.961 INFO  [http-nio-8080-exec-7] TaskService - Fetching tasks assigned by teacher: Sanket
2026-09-17 14:54:33.034 INFO  [http-nio-8080-exec-8] SubjectService - Fetched 15 subjects
2026-09-17 14:54:33.043 INFO  [http-nio-8080-exec-6] StudService - Teacher Sanket fetched 9 students
2026-09-17 14:54:33.043 INFO  [http-nio-8080-exec-7] TaskService - Teacher Sanket has assigned 8 tasks
2026-09-17 14:54:42.450 INFO  [http-nio-8080-exec-1] StudController - Fetching all students
2026-09-17 14:54:42.450 INFO  [http-nio-8080-exec-3] MessageController - Request to get messages sent by current teacher
2026-09-17 14:54:42.450 INFO  [http-nio-8080-exec-4] TaskController - Fetching tasks assigned by current teacher
2026-09-17 14:54:42.460 INFO  [http-nio-8080-exec-3] MessageService - Fetching messages sent by teacher: Sanket
2026-09-17 14:54:42.461 INFO  [http-nio-8080-exec-4] TaskService - Fetching tasks assigned by teacher: Sanket
2026-09-17 14:54:42.475 INFO  [http-nio-8080-exec-4] TaskService - Teacher Sanket has assigned 8 tasks
2026-09-17 14:54:42.477 INFO  [http-nio-8080-exec-1] StudService - Teacher Sanket fetched 9 students
2026-09-17 14:54:52.349 INFO  [http-nio-8080-exec-5] StudController - Fetching all students
2026-09-17 14:54:52.381 INFO  [http-nio-8080-exec-5] StudService - Teacher Sanket fetched 9 students
2026-09-17 14:55:28.047 INFO  [http-nio-8080-exec-4] TaskController - Fetching tasks assigned by current teacher
2026-09-17 14:55:28.047 INFO  [http-nio-8080-exec-3] StudController - Fetching all students
2026-09-17 14:55:28.050 INFO  [http-nio-8080-exec-4] TaskService - Fetching tasks assigned by teacher: Sanket
2026-09-17 14:55:28.050 INFO  [http-nio-8080-exec-1] MessageController - Request to get messages sent by current teacher
2026-09-17 14:55:28.050 INFO  [http-nio-8080-exec-1] MessageService - Fetching messages sent by teacher: Sanket
2026-09-17 14:55:28.081 INFO  [http-nio-8080-exec-4] TaskService - Teacher Sanket has assigned 8 tasks
2026-09-17 14:55:28.087 INFO  [http-nio-8080-exec-3] StudService - Teacher Sanket fetched 9 students
2026-09-17 14:55:35.097 INFO  [http-nio-8080-exec-4] StudController - Fetching all students
2026-09-17 14:55:35.098 INFO  [http-nio-8080-exec-5] TaskController - Fetching tasks assigned by current teacher
2026-09-17 14:55:35.100 INFO  [http-nio-8080-exec-3] MessageController - Request to get messages sent by current teacher
2026-09-17 14:55:35.101 INFO  [http-nio-8080-exec-5] TaskService - Fetching tasks assigned by teacher: Sanket
2026-09-17 14:55:35.102 INFO  [http-nio-8080-exec-3] MessageService - Fetching messages sent by teacher: Sanket
2026-09-17 14:55:35.103 INFO  [http-nio-8080-exec-8] SubjectController - Request to get all subjects
2026-09-17 14:55:35.142 INFO  [http-nio-8080-exec-8] SubjectService - Fetched 15 subjects
2026-09-17 14:55:35.145 INFO  [http-nio-8080-exec-5] TaskService - Teacher Sanket has assigned 8 tasks
2026-09-17 14:55:35.168 INFO  [http-nio-8080-exec-4] StudService - Teacher Sanket fetched 9 students
2026-09-17 15:05:33.646 INFO  [http-nio-8080-exec-3] AuthController - Login attempt for username: Tushar
2026-09-17 15:05:33.754 INFO  [http-nio-8080-exec-3] AuthController - Login successful for username: Tushar, role: ADMIN
2026-09-17 15:05:35.900 INFO  [http-nio-8080-exec-9] SubjectController - Request to get all subjects
2026-09-17 15:05:35.917 INFO  [http-nio-8080-exec-9] SubjectService - Fetched 15 subjects
2026-09-17 15:05:41.139 INFO  [http-nio-8080-exec-7] StudController - Fetching all students
2026-09-17 15:05:41.162 INFO  [http-nio-8080-exec-7] StudService - Admin fetched 17 students
2026-09-17 15:05:52.057 INFO  [http-nio-8080-exec-3] SubjectController - Request to get all subjects
2026-09-17 15:05:52.057 INFO  [http-nio-8080-exec-3] SubjectService - Fetched 15 subjects
2026-09-17 15:07:14.297 INFO  [http-nio-8080-exec-4] StudController - Fetching all students
2026-09-17 15:07:14.368 INFO  [http-nio-8080-exec-4] StudService - Admin fetched 17 students
2026-09-17 15:07:21.303 INFO  [http-nio-8080-exec-6] SubjectController - Request to get all subjects
2026-09-17 15:07:21.324 INFO  [http-nio-8080-exec-6] SubjectService - Fetched 15 subjects
2026-09-17 15:07:27.771 INFO  [http-nio-8080-exec-1] StudController - Fetching all students
2026-09-17 15:07:27.786 INFO  [http-nio-8080-exec-1] StudService - Admin fetched 17 students
2026-09-17 15:07:30.302 INFO  [http-nio-8080-exec-4] SubjectController - Request to get all subjects
2026-09-17 15:07:30.325 INFO  [http-nio-8080-exec-4] SubjectService - Fetched 15 subjects
2026-09-17 15:07:39.266 INFO  [http-nio-8080-exec-6] SubjectController - Request to get all subjects
2026-09-17 15:07:39.266 INFO  [http-nio-8080-exec-6] SubjectService - Fetched 15 subjects
2026-09-17 15:21:41.203 INFO  [http-nio-8080-exec-9] SubjectController - Request to get all subjects
2026-09-17 15:21:41.249 INFO  [http-nio-8080-exec-9] SubjectService - Fetched 15 subjects
2026-09-17 15:21:43.476 INFO  [http-nio-8080-exec-2] StudController - Fetching all students
2026-09-17 15:21:43.494 INFO  [http-nio-8080-exec-2] StudService - Admin fetched 17 students
2026-09-17 15:21:48.914 INFO  [http-nio-8080-exec-1] SubjectController - Request to get all subjects
2026-09-17 15:21:48.918 INFO  [http-nio-8080-exec-1] SubjectService - Fetched 15 subjects
2026-09-17 15:22:18.581 INFO  [http-nio-8080-exec-9] SubjectController - Request to get all subjects
2026-09-17 15:22:18.591 INFO  [http-nio-8080-exec-9] SubjectService - Fetched 15 subjects
2026-09-17 15:22:18.605 INFO  [http-nio-8080-exec-2] StudController - Fetching all students
2026-09-17 15:22:18.618 INFO  [http-nio-8080-exec-2] StudService - Admin fetched 17 students
2026-09-17 15:43:15.900 INFO  [http-nio-8080-exec-8] SubjectController - Request to get all subjects
2026-09-17 15:43:15.933 INFO  [http-nio-8080-exec-8] SubjectService - Fetched 15 subjects
2026-09-17 15:44:41.079 INFO  [http-nio-8080-exec-3] SubjectController - Request to get all subjects
2026-09-17 15:44:41.109 INFO  [http-nio-8080-exec-3] SubjectService - Fetched 15 subjects
2026-09-17 15:52:34.304 INFO  [http-nio-8080-exec-3] AuthController - Login attempt for username: sanket
2026-09-17 15:52:34.403 INFO  [http-nio-8080-exec-3] AuthController - Login successful for username: Sanket, role: TEACHER
2026-09-17 15:52:34.445 INFO  [http-nio-8080-exec-2] TaskController - Fetching tasks assigned by current teacher
2026-09-17 15:52:34.445 INFO  [http-nio-8080-exec-6] MessageController - Request to get messages sent by current teacher
2026-09-17 15:52:34.447 INFO  [http-nio-8080-exec-10] StudController - Fetching all students
2026-09-17 15:52:34.447 INFO  [http-nio-8080-exec-2] TaskService - Fetching tasks assigned by teacher: Sanket
2026-09-17 15:52:34.448 INFO  [http-nio-8080-exec-6] MessageService - Fetching messages sent by teacher: Sanket
2026-09-17 15:52:34.449 INFO  [http-nio-8080-exec-1] SubjectController - Request to get all subjects
2026-09-17 15:52:34.474 INFO  [http-nio-8080-exec-2] TaskService - Teacher Sanket has assigned 8 tasks
2026-09-17 15:52:34.485 INFO  [http-nio-8080-exec-1] SubjectService - Fetched 15 subjects
2026-09-17 15:52:34.491 INFO  [http-nio-8080-exec-10] StudService - Teacher Sanket fetched 9 students
2026-09-17 15:52:36.206 INFO  [http-nio-8080-exec-5] StudController - Fetching all students
2026-09-17 15:52:36.206 INFO  [http-nio-8080-exec-9] TaskController - Fetching tasks assigned by current teacher
2026-09-17 15:52:36.206 INFO  [http-nio-8080-exec-8] MessageController - Request to get messages sent by current teacher
2026-09-17 15:52:36.207 INFO  [http-nio-8080-exec-8] MessageService - Fetching messages sent by teacher: Sanket
2026-09-17 15:52:36.207 INFO  [http-nio-8080-exec-9] TaskService - Fetching tasks assigned by teacher: Sanket
2026-09-17 15:52:36.208 INFO  [http-nio-8080-exec-5] StudService - Teacher Sanket fetched 9 students
2026-09-17 15:52:36.219 INFO  [http-nio-8080-exec-9] TaskService - Teacher Sanket has assigned 8 tasks
2026-09-17 15:53:08.303 INFO  [http-nio-8080-exec-3] StudController - Fetching all students
2026-09-17 15:53:08.316 INFO  [http-nio-8080-exec-3] StudService - Teacher Sanket fetched 9 students
2026-09-17 15:57:26.199 INFO  [http-nio-8080-exec-5] StudController - Fetching all students
2026-09-17 15:57:26.355 INFO  [http-nio-8080-exec-5] StudService - Teacher Sanket fetched 9 students
2026-09-17 17:42:04.549 INFO  [restartedMain] StudentManagementApplication - Starting StudentManagementApplication using Java 21.0.12.1 with PID 15820 (C:\Users\Tushar\Desktop\SbootPr\Student_Management\target\classes started by Tushar in C:\Users\Tushar\Desktop\SbootPr\Student_Management)
2026-09-17 17:42:04.549 INFO  [restartedMain] StudentManagementApplication - No active profile set, falling back to 1 default profile: "default"
2026-09-17 17:42:14.910 INFO  [restartedMain] StudentManagementApplication - Started StudentManagementApplication in 10.511 seconds (process running for 10124.789)
